// Jest Snapshot v1, https://goo.gl/fbAQLP

exports[`renders and tests the app 1`] = `Array []`;
